// Vitest Snapshot v1, https://vitest.dev/guide/snapshot.html

exports[`AddToWishlistModal > renders correctly and matches snapshot 1`] = `
<div>
  <button
    class="inline-flex items-center justify-center gap-2 whitespace-nowrap rounded-md text-smfont-medium transition-all disabled:pointer-events-none disabled:opacity-50[&_svg]:pointer-events-none [&_svg:not([class*='size-'])]:size-4 shrink-0[&_svg]:shrink-0 outline-none focus-visible:border-ring focus-visible:ring-ring/50 focus-visible:ring-[3px]aria-invalid:ring-destructive/20 dark:aria-invalid:ring-destructive/40 aria-invalid:border-destructive hover:bg-accent hover:text-accent-foreground dark:hover:bg-accent/50 has-[>svg]:px-3 ml-2 h-auto p-1"
    data-slot="button"
  >
    <svg
      aria-hidden="true"
      class="lucide lucide-heart h-4 w-4"
      fill="none"
      height="24"
      stroke="currentColor"
      stroke-linecap="round"
      stroke-linejoin="round"
      stroke-width="2"
      viewBox="0 0 24 24"
      width="24"
      xmlns="http://www.w3.org/2000/svg"
    >
      <path
        d="M19 14c1.49-1.46 3-3.21 3-5.5A5.5 5.5 0 0 0 16.5 3c-1.76 0-3 .5-4.5 2-1.5-1.5-2.74-2-4.5-2A5.5 5.5 0 0 0 2 8.5c0 2.3 1.5 4.05 3 5.5l7 7Z"
      />
    </svg>
  </button>
</div>
`;
