// Vitest Snapshot v1, https://vitest.dev/guide/snapshot.html

exports[`CarHeader > renders correctly and matches snapshot 1`] = `
<div>
  <div
    class="relative w-full overflow-hidden rounded-md shadow"
  >
    <div
      class="h-64 w-full bg-gray-200"
    />
    <div
      class="absolute bottom-4 left-6 text-white"
    >
      <h1
        class="text-2xl font-bold"
      >
        Mercedes-Benz C200 2023
      </h1>
      <p
        class="text-sm"
      >
        Santiago, Chile â€¢ 18,000 km
      </p>
    </div>
    <div
      class="absolute right-6 bottom-4 flex items-center space-x-4"
    >
      <div
        class="text-xl font-semibold text-white"
      >
        CLP $35,990,000
      </div>
      <div
        data-testid="mock-wishlist"
      >
        Mock Modal for 
        car_123
      </div>
    </div>
  </div>
</div>
`;
