// Vitest Snapshot v1, https://vitest.dev/guide/snapshot.html

exports[`PriceHistory > renders correctly and matches snapshot 1`] = `
<div>
  <div
    class="flex h-64 items-center justify-center rounded-md border bg-white p-6"
  >
    <p
      class="text-sm text-gray-500"
    >
      [Price Chart Placeholder — last 60–90 days]
    </p>
  </div>
</div>
`;
