// Vitest Snapshot v1, https://vitest.dev/guide/snapshot.html

exports[`<SearchBar /> > matches the snapshot 1`] = `
<div>
  <div
    class="container flex h-16 items-center px-4"
  >
    <div
      class="flex-1 max-w-md mx-4 relative"
    >
      <div
        class="relative"
      >
        <svg
          aria-hidden="true"
          class="lucide lucide-search absolute top-2.5 right-3 h-4 w-4 text-gray-500"
          fill="none"
          height="24"
          stroke="currentColor"
          stroke-linecap="round"
          stroke-linejoin="round"
          stroke-width="2"
          viewBox="0 0 24 24"
          width="24"
          xmlns="http://www.w3.org/2000/svg"
        >
          <path
            d="m21 21-4.34-4.34"
          />
          <circle
            cx="11"
            cy="11"
            r="8"
          />
        </svg>
        <input
          class="file:text-foreground placeholder:text-muted-foreground selection:bg-primary selection:text-primary-foreground dark:bg-input/30 border-input flex h-9 min-w-0 rounded-md border bg-transparent px-3 py-1 text-base shadow-xs transition-[color,box-shadow] outline-none file:inline-flex file:h-7 file:border-0 file:bg-transparent file:text-sm file:font-medium disabled:pointer-events-none disabled:cursor-not-allowed focus-visible:border-ring focus-visible:ring-ring/50 focus-visible:ring-[3px] disabled:opacity-50 md:text-sm aria-invalid:ring-destructive/20 dark:aria-invalid:ring-destructive/40 aria-invalid:border-destructive w-80 pr-10"
          data-slot="input"
          placeholder="Buscar por marca, modelo o aÃ±o..."
          type="text"
          value=""
        />
      </div>
    </div>
  </div>
</div>
`;
