// Vitest Snapshot v1, https://vitest.dev/guide/snapshot.html

exports[`SimilarVehicles > renders correctly and matches snapshot 1`] = `
<div>
  <div
    class="rounded-md border bg-white p-6"
  >
    <h2
      class="mb-4 text-lg font-semibold"
    >
      Similar Vehicles
    </h2>
    <ul
      class="space-y-3 text-sm"
    >
      <li
        class="flex items-start justify-between"
      >
        <div>
          <p
            class="font-medium"
          >
            Mercedes-Benz C200 2022
          </p>
          <p
            class="text-xs text-gray-500"
          >
            12,000 km
          </p>
        </div>
        <p
          class="font-bold text-blue-600"
        >
          $29,900,000
        </p>
      </li>
      <li
        class="flex items-start justify-between"
      >
        <div>
          <p
            class="font-medium"
          >
            Mercedes-Benz C200 2019
          </p>
          <p
            class="text-xs text-gray-500"
          >
            18,000 km
          </p>
        </div>
        <p
          class="font-bold text-blue-600"
        >
          $24,900,000
        </p>
      </li>
      <li
        class="flex items-start justify-between"
      >
        <div>
          <p
            class="font-medium"
          >
            Mercedes-Benz C200 2020
          </p>
          <p
            class="text-xs text-gray-500"
          >
            15,000 km
          </p>
        </div>
        <p
          class="font-bold text-blue-600"
        >
          $35,500,000
        </p>
      </li>
    </ul>
    <button
      class="mt-4 w-full rounded-md border py-1 text-sm hover:bg-gray-100"
      type="button"
    >
      Compare Selected
    </button>
  </div>
</div>
`;
