// Vitest Snapshot v1, https://vitest.dev/guide/snapshot.html

exports[`VersionCard > renders correctly and matches snapshot 1`] = `
<div>
  <div
    class="bg-card text-card-foreground flex flex-col gap-6 rounded-xl border py-6 shadow-sm group overflow-hidden transition-all duration-200 hover:shadow-lg"
    data-slot="card"
  >
    <div
      class="p-0"
      data-slot="card-content"
    >
      <div
        class="bg-muted relative aspect-video overflow-hidden"
      >
        <img
          alt="Mercedes-Benz C200"
          class="object-cover transition-transform duration-200 group-hover:scale-105"
          data-nimg="fill"
          decoding="async"
          loading="lazy"
          sizes="(max-width: 640px) 100vw, (max-width: 1024px) 50vw, (max-width: 1280px) 33vw, 25vw"
          src="/_next/image?url=https%3A%2F%2Fexample.com%2Fimage.jpg&w=3840&q=75"
          srcset="/_next/image?url=https%3A%2F%2Fexample.com%2Fimage.jpg&w=256&q=75 256w, /_next/image?url=https%3A%2F%2Fexample.com%2Fimage.jpg&w=384&q=75 384w, /_next/image?url=https%3A%2F%2Fexample.com%2Fimage.jpg&w=640&q=75 640w, /_next/image?url=https%3A%2F%2Fexample.com%2Fimage.jpg&w=750&q=75 750w, /_next/image?url=https%3A%2F%2Fexample.com%2Fimage.jpg&w=828&q=75 828w, /_next/image?url=https%3A%2F%2Fexample.com%2Fimage.jpg&w=1080&q=75 1080w, /_next/image?url=https%3A%2F%2Fexample.com%2Fimage.jpg&w=1200&q=75 1200w, /_next/image?url=https%3A%2F%2Fexample.com%2Fimage.jpg&w=1920&q=75 1920w, /_next/image?url=https%3A%2F%2Fexample.com%2Fimage.jpg&w=2048&q=75 2048w, /_next/image?url=https%3A%2F%2Fexample.com%2Fimage.jpg&w=3840&q=75 3840w"
          style="position: absolute; height: 100%; width: 100%; left: 0px; top: 0px; right: 0px; bottom: 0px; color: transparent;"
        />
        <div
          class="absolute top-2 right-2"
        >
          <button
            class="inline-flex items-center justify-center gap-2 whitespace-nowrap rounded-md text-sm font-medium transition-all disabled:pointer-events-none disabled:opacity-50 [&_svg]:pointer-events-none [&_svg:not([class*='size-'])]:size-4 shrink-0 [&_svg]:shrink-0 outline-none focus-visible:border-ring focus-visible:ring-ring/50 focus-visible:ring-[3px] aria-invalid:ring-destructive/20 dark:aria-invalid:ring-destructive/40 aria-invalid:border-destructive hover:bg-accent hover:text-accent-foreground dark:hover:bg-accent/50 has-[>svg]:px-3 ml-2 h-auto p-1"
            data-slot="button"
          >
            <svg
              aria-hidden="true"
              class="lucide lucide-heart h-4 w-4"
              fill="none"
              height="24"
              stroke="currentColor"
              stroke-linecap="round"
              stroke-linejoin="round"
              stroke-width="2"
              viewBox="0 0 24 24"
              width="24"
              xmlns="http://www.w3.org/2000/svg"
            >
              <path
                d="M19 14c1.49-1.46 3-3.21 3-5.5A5.5 5.5 0 0 0 16.5 3c-1.76 0-3 .5-4.5 2-1.5-1.5-2.74-2-4.5-2A5.5 5.5 0 0 0 2 8.5c0 2.3 1.5 4.05 3 5.5l7 7Z"
              />
            </svg>
          </button>
        </div>
      </div>
      <div
        class="p-4"
      >
        <div
          class="mb-2"
        >
          <p
            class="text-muted-foreground text-xs font-medium tracking-wide uppercase"
          >
            Mercedes-Benz
          </p>
          <h3
            class="line-clamp-1 text-lg leading-tight font-semibold"
          >
            C200
          </h3>
        </div>
        <div
          class="text-muted-foreground mb-3 flex items-center gap-3 text-sm"
        >
          <div
            class="flex items-center gap-1"
          >
            <svg
              aria-hidden="true"
              class="lucide lucide-calendar h-3 w-3"
              fill="none"
              height="24"
              stroke="currentColor"
              stroke-linecap="round"
              stroke-linejoin="round"
              stroke-width="2"
              viewBox="0 0 24 24"
              width="24"
              xmlns="http://www.w3.org/2000/svg"
            >
              <path
                d="M8 2v4"
              />
              <path
                d="M16 2v4"
              />
              <rect
                height="18"
                rx="2"
                width="18"
                x="3"
                y="4"
              />
              <path
                d="M3 10h18"
              />
            </svg>
            <span>
              2023
            </span>
          </div>
          <div
            class="flex items-center gap-1"
          >
            <svg
              aria-hidden="true"
              class="lucide lucide-fuel h-3 w-3"
              fill="none"
              height="24"
              stroke="currentColor"
              stroke-linecap="round"
              stroke-linejoin="round"
              stroke-width="2"
              viewBox="0 0 24 24"
              width="24"
              xmlns="http://www.w3.org/2000/svg"
            >
              <line
                x1="3"
                x2="15"
                y1="22"
                y2="22"
              />
              <line
                x1="4"
                x2="14"
                y1="9"
                y2="9"
              />
              <path
                d="M14 22V4a2 2 0 0 0-2-2H6a2 2 0 0 0-2 2v18"
              />
              <path
                d="M14 13h2a2 2 0 0 1 2 2v2a2 2 0 0 0 2 2a2 2 0 0 0 2-2V9.83a2 2 0 0 0-.59-1.42L18 5"
              />
            </svg>
            <span
              class="line-clamp-1"
            >
              Gasolina
            </span>
          </div>
        </div>
        <div
          class="mb-4"
        >
          <p
            class="text-muted-foreground text-sm"
          >
            Desde
          </p>
          <p
            class="text-primary text-xl font-bold"
          >
            $
            35,990,000
          </p>
        </div>
        <a
          class="inline-flex items-center justify-center whitespace-nowrap text-sm font-medium transition-all disabled:pointer-events-none disabled:opacity-50 [&_svg]:pointer-events-none [&_svg:not([class*='size-'])]:size-4 shrink-0 [&_svg]:shrink-0 outline-none focus-visible:border-ring focus-visible:ring-ring/50 focus-visible:ring-[3px] aria-invalid:ring-destructive/20 dark:aria-invalid:ring-destructive/40 aria-invalid:border-destructive bg-primary text-primary-foreground shadow-xs hover:bg-primary/90 h-8 rounded-md gap-1.5 px-3 has-[>svg]:px-2.5 w-full"
          data-slot="button"
          href="/versions/version-1"
        >
          Ver detalles
        </a>
      </div>
    </div>
  </div>
</div>
`;
