// Vitest Snapshot v1, https://vitest.dev/guide/snapshot.html

exports[`WishlistsPage > renders error state 1`] = `
<div>
  <div
    class="space-y-16"
  >
    <section
      class="bg-blue-50 px-6 py-16 text-center"
    >
      <h1
        class="mb-4 text-3xl font-bold md:text-5xl"
      >
        Find the best used car deals in Chile —
        <br />
        all in one place!
      </h1>
      <p
        class="mb-6 text-gray-600"
      >
        Compare prices across Chileautos, Yapo, and Facebook Marketplace instantly
      </p>
      <div
        class="flex flex-wrap justify-center gap-4"
      >
        <button
          class="rounded-md border bg-white px-4 py-2 shadow-sm"
          type="button"
        >
          Price Range
        </button>
        <button
          class="rounded-md border bg-white px-4 py-2 shadow-sm"
          type="button"
        >
          Location
        </button>
        <button
          class="rounded-md border bg-white px-4 py-2 shadow-sm"
          type="button"
        >
          Brand
        </button>
        <button
          class="rounded-md border bg-white px-4 py-2 shadow-sm"
          type="button"
        >
          Vehicle Type
        </button>
      </div>
    </section>
    <section
      class="px-6"
    >
      <h2
        class="mb-6 text-2xl font-semibold"
      >
        Featured Cars
      </h2>
      <div
        class="grid grid-cols-1 gap-6 md:grid-cols-2 lg:grid-cols-4"
      >
        <div
          class="h-64 animate-pulse rounded-lg border bg-gray-200 p-4"
        />
        <div
          class="h-64 animate-pulse rounded-lg border bg-gray-200 p-4"
        />
        <div
          class="h-64 animate-pulse rounded-lg border bg-gray-200 p-4"
        />
        <div
          class="h-64 animate-pulse rounded-lg border bg-gray-200 p-4"
        />
      </div>
    </section>
    <section
      class="bg-gray-50 px-6 py-12 text-center"
    >
      <h2
        class="mb-2 text-2xl font-semibold"
      >
        Tendencias
      </h2>
      <p
        class="mb-6 text-sm text-gray-600"
      >
        Stay informed with real-time market analytics and price trends
      </p>
      <div
        class="mx-auto grid max-w-5xl grid-cols-1 gap-6 text-left md:grid-cols-3"
      >
        <div
          class="rounded-md border bg-white p-4"
        >
          <h4
            class="mb-2 font-semibold"
          >
            Popular Brands
          </h4>
          <ul
            class="space-y-1 text-sm text-gray-700"
          >
            <li>
              Toyota - 32%
            </li>
            <li>
              Hyundai - 26%
            </li>
            <li>
              Kia - 24%
            </li>
          </ul>
        </div>
        <div
          class="rounded-md border bg-white p-4"
        >
          <h4
            class="mb-2 font-semibold"
          >
            Price Trends
          </h4>
          <ul
            class="space-y-1 text-sm text-gray-700"
          >
            <li>
              SUVs: +5.2%
            </li>
            <li>
              Sedans: -2.1%
            </li>
            <li>
              Electric: +7.7%
            </li>
          </ul>
        </div>
        <div
          class="rounded-md border bg-white p-4"
        >
          <h4
            class="mb-2 font-semibold"
          >
            Market Activity
          </h4>
          <ul
            class="space-y-1 text-sm text-gray-700"
          >
            <li>
              New Listings: 234
            </li>
            <li>
              Avg. Days Listed: 45
            </li>
            <li>
              Total Active: 12,458
            </li>
          </ul>
        </div>
      </div>
    </section>
  </div>
</div>
`;

exports[`WishlistsPage > renders loading state 1`] = `
<div>
  <div
    class="space-y-16"
  >
    <section
      class="bg-blue-50 px-6 py-16 text-center"
    >
      <h1
        class="mb-4 text-3xl font-bold md:text-5xl"
      >
        Find the best used car deals in Chile —
        <br />
        all in one place!
      </h1>
      <p
        class="mb-6 text-gray-600"
      >
        Compare prices across Chileautos, Yapo, and Facebook Marketplace instantly
      </p>
      <div
        class="flex flex-wrap justify-center gap-4"
      >
        <button
          class="rounded-md border bg-white px-4 py-2 shadow-sm"
          type="button"
        >
          Price Range
        </button>
        <button
          class="rounded-md border bg-white px-4 py-2 shadow-sm"
          type="button"
        >
          Location
        </button>
        <button
          class="rounded-md border bg-white px-4 py-2 shadow-sm"
          type="button"
        >
          Brand
        </button>
        <button
          class="rounded-md border bg-white px-4 py-2 shadow-sm"
          type="button"
        >
          Vehicle Type
        </button>
      </div>
    </section>
    <section
      class="px-6"
    >
      <h2
        class="mb-6 text-2xl font-semibold"
      >
        Featured Cars
      </h2>
      <div
        class="grid grid-cols-1 gap-6 md:grid-cols-2 lg:grid-cols-4"
      >
        <div
          class="h-64 animate-pulse rounded-lg border bg-gray-200 p-4"
        />
        <div
          class="h-64 animate-pulse rounded-lg border bg-gray-200 p-4"
        />
        <div
          class="h-64 animate-pulse rounded-lg border bg-gray-200 p-4"
        />
        <div
          class="h-64 animate-pulse rounded-lg border bg-gray-200 p-4"
        />
      </div>
    </section>
    <section
      class="bg-gray-50 px-6 py-12 text-center"
    >
      <h2
        class="mb-2 text-2xl font-semibold"
      >
        Tendencias
      </h2>
      <p
        class="mb-6 text-sm text-gray-600"
      >
        Stay informed with real-time market analytics and price trends
      </p>
      <div
        class="mx-auto grid max-w-5xl grid-cols-1 gap-6 text-left md:grid-cols-3"
      >
        <div
          class="rounded-md border bg-white p-4"
        >
          <h4
            class="mb-2 font-semibold"
          >
            Popular Brands
          </h4>
          <ul
            class="space-y-1 text-sm text-gray-700"
          >
            <li>
              Toyota - 32%
            </li>
            <li>
              Hyundai - 26%
            </li>
            <li>
              Kia - 24%
            </li>
          </ul>
        </div>
        <div
          class="rounded-md border bg-white p-4"
        >
          <h4
            class="mb-2 font-semibold"
          >
            Price Trends
          </h4>
          <ul
            class="space-y-1 text-sm text-gray-700"
          >
            <li>
              SUVs: +5.2%
            </li>
            <li>
              Sedans: -2.1%
            </li>
            <li>
              Electric: +7.7%
            </li>
          </ul>
        </div>
        <div
          class="rounded-md border bg-white p-4"
        >
          <h4
            class="mb-2 font-semibold"
          >
            Market Activity
          </h4>
          <ul
            class="space-y-1 text-sm text-gray-700"
          >
            <li>
              New Listings: 234
            </li>
            <li>
              Avg. Days Listed: 45
            </li>
            <li>
              Total Active: 12,458
            </li>
          </ul>
        </div>
      </div>
    </section>
  </div>
</div>
`;

exports[`WishlistsPage > renders wishlists correctly 1`] = `
<div>
  <div
    class="space-y-16"
  >
    <section
      class="bg-blue-50 px-6 py-16 text-center"
    >
      <h1
        class="mb-4 text-3xl font-bold md:text-5xl"
      >
        Find the best used car deals in Chile —
        <br />
        all in one place!
      </h1>
      <p
        class="mb-6 text-gray-600"
      >
        Compare prices across Chileautos, Yapo, and Facebook Marketplace instantly
      </p>
      <div
        class="flex flex-wrap justify-center gap-4"
      >
        <button
          class="rounded-md border bg-white px-4 py-2 shadow-sm"
          type="button"
        >
          Price Range
        </button>
        <button
          class="rounded-md border bg-white px-4 py-2 shadow-sm"
          type="button"
        >
          Location
        </button>
        <button
          class="rounded-md border bg-white px-4 py-2 shadow-sm"
          type="button"
        >
          Brand
        </button>
        <button
          class="rounded-md border bg-white px-4 py-2 shadow-sm"
          type="button"
        >
          Vehicle Type
        </button>
      </div>
    </section>
    <section
      class="px-6"
    >
      <h2
        class="mb-6 text-2xl font-semibold"
      >
        Featured Cars
      </h2>
      <div
        class="grid grid-cols-1 gap-6 md:grid-cols-2 lg:grid-cols-4"
      >
        <div
          class="h-64 animate-pulse rounded-lg border bg-gray-200 p-4"
        />
        <div
          class="h-64 animate-pulse rounded-lg border bg-gray-200 p-4"
        />
        <div
          class="h-64 animate-pulse rounded-lg border bg-gray-200 p-4"
        />
        <div
          class="h-64 animate-pulse rounded-lg border bg-gray-200 p-4"
        />
      </div>
    </section>
    <section
      class="bg-gray-50 px-6 py-12 text-center"
    >
      <h2
        class="mb-2 text-2xl font-semibold"
      >
        Tendencias
      </h2>
      <p
        class="mb-6 text-sm text-gray-600"
      >
        Stay informed with real-time market analytics and price trends
      </p>
      <div
        class="mx-auto grid max-w-5xl grid-cols-1 gap-6 text-left md:grid-cols-3"
      >
        <div
          class="rounded-md border bg-white p-4"
        >
          <h4
            class="mb-2 font-semibold"
          >
            Popular Brands
          </h4>
          <ul
            class="space-y-1 text-sm text-gray-700"
          >
            <li>
              Toyota - 32%
            </li>
            <li>
              Hyundai - 26%
            </li>
            <li>
              Kia - 24%
            </li>
          </ul>
        </div>
        <div
          class="rounded-md border bg-white p-4"
        >
          <h4
            class="mb-2 font-semibold"
          >
            Price Trends
          </h4>
          <ul
            class="space-y-1 text-sm text-gray-700"
          >
            <li>
              SUVs: +5.2%
            </li>
            <li>
              Sedans: -2.1%
            </li>
            <li>
              Electric: +7.7%
            </li>
          </ul>
        </div>
        <div
          class="rounded-md border bg-white p-4"
        >
          <h4
            class="mb-2 font-semibold"
          >
            Market Activity
          </h4>
          <ul
            class="space-y-1 text-sm text-gray-700"
          >
            <li>
              New Listings: 234
            </li>
            <li>
              Avg. Days Listed: 45
            </li>
            <li>
              Total Active: 12,458
            </li>
          </ul>
        </div>
      </div>
    </section>
  </div>
</div>
`;
